Script started on Fri 23 Jan 2015 11:29:02 PM PST
~
mmore019@hammer $ cd /Dox[Kcuments/1[KCS100/rshell
bash: cd: /Documents/CS100/rshell: No such file or directory
~
mmore019@hammer $ /ls
bash: /ls: No such file or directory
~
mmore019@hammer $ ls
[0m[01;32maddons.sqlite[0m*           [01;32mcookies.sqlite-shm[0m*     [01;34mhealthreport[0m/             [01;34mMusic[0m/               [01;32msecmod.db[0m*              [01;34mVideos[0m/
[01;32mblocklist.xml[0m*           [01;34mDesktop[0m/                [01;32mhealthreport.sqlite[0m*      [01;32mpermissions.sqlite[0m*  [01;32msessionstore.bak[0m*       [01;34mwebapps[0m/
[01;34mbookmarkbackups[0m/         [01;34mDocuments[0m/              [01;32mhealthreport.sqlite-shm[0m*  [01;34mPictures[0m/            [01;32msessionstore.js[0m*        [01;32mwebappsstore.sqlite[0m*
[01;34mCache[0m/                   [01;34mDownloads[0m/              [01;34mindexedDB[0m/                [01;32mplaces.sqlite[0m*       [01;32msignons.sqlite[0m*         [01;32mwebappsstore.sqlite-shm[0m*
[01;32m_CACHE_CLEAN_[0m*           [01;32mdownloads.sqlite[0m*       [01;34mjetpack[0m/                  [01;32mplaces.sqlite-shm[0m*   [01;34mstartupCache[0m/           [01;34mWINDOWS[0m/
[01;32mcert8.db[0m*                [01;34mextensions[0m/             [01;32mkey3.db[0m*                  [01;32mpluginreg.dat[0m*       [01;34mTemplates[0m/
[01;32mchromeappsstore.sqlite[0m*  [01;32mextensions.ini[0m*         [01;32mlocalstore.rdf[0m*           [01;32mprefs.js[0m*            [01;32mtextadventure.cpp[0m*
[01;32mcompatibility.ini[0m*       [01;32mextensions.sqlite[0m*      main.cpp                  [01;34mPublic[0m/              [01;34mthumbnails[0m/
[01;32mcontent-prefs.sqlite[0m*    [01;32mFirefox_wallpaper.png[0m*  [01;32mmarionette.log[0m*           [01;34msafebrowsing[0m/        [01;32mtimes.json[0m*
[01;32mcookies.sqlite[0m*          [01;32mformhistory.sqlite[0m*     [01;32mmimeTypes.rdf[0m*            [01;32msearch.json[0m*         [01;32murlclassifierkey3.txt[0m*
[m~
mmore019@hammer $ cd Documents
~/Documents
mmore019@hammer $ cd CS100
~/Documents/CS100
mmore019@hammer $ cd rshell
~/Documents/CS100/rshell
mmore019@hammer $ make
mkdir -p ./bin
g++ -ansi -Wall -Werror -pedantic ./src/main.cpp -o ./bin/rshell
~/Documents/CS100/rshell
mmore019@hammer $ /bin[K[K[K[Kbin/rshell
mmore019@hammer.cs.ucr.edu$ ls
bin  LICENSE  Makefile	README.md  src	tests
mmore019@hammer.cs.ucr.edu$ ls-  -a
.  ..  bin  .git  LICENSE  Makefile  .Makefile.swp  README.md  src  tests
mmore019@hammer.cs.ucr.edu$ ls -a -a -a -a -a -a -a -a
.  ..  bin  .git  LICENSE  Makefile  .Makefile.swp  README.md  src  tests
mmore019@hammer.cs.ucr.edu$ -a ls
exec: No such file or directory
mmore019@hammer.cs.ucr.edu$ ls -a	-a  -a
ls: invalid option -- '	'
Try `ls --help' for more information.
mmore019@hammer.cs.ucr.edu$ ls --help
Usage: ls [OPTION]... [FILE]...
List information about the FILEs (the current directory by default).
Sort entries alphabetically if none of -cftuvSUX nor --sort.

Mandatory arguments to long options are mandatory for short options too.
  -a, --all                  do not ignore entries starting with .
  -A, --almost-all           do not list implied . and ..
      --author               with -l, print the author of each file
  -b, --escape               print octal escapes for nongraphic characters
      --block-size=SIZE      use SIZE-byte blocks.  See SIZE format below
  -B, --ignore-backups       do not list implied entries ending with ~
  -c                         with -lt: sort by, and show, ctime (time of last
                               modification of file status information)
                               with -l: show ctime and sort by name
                               otherwise: sort by ctime
  -C                         list entries by columns
      --color[=WHEN]         colorize the output.  WHEN defaults to `always'
                               or can be `never' or `auto'.  More info below
  -d, --directory            list directory entries instead of contents,
                               and do not dereference symbolic links
  -D, --dired                generate output designed for Emacs' dired mode
  -f                         do not sort, enable -aU, disable -ls --color
  -F, --classify             append indicator (one of */=>@|) to entries
      --file-type            likewise, except do not append `*'
      --format=WORD          across -x, commas -m, horizontal -x, long -l,
                               single-column -1, verbose -l, vertical -C
      --full-time            like -l --time-style=full-iso
  -g                         like -l, but do not list owner
      --group-directories-first
                             group directories before files.
                               augment with a --sort option, but any
                               use of --sort=none (-U) disables grouping
  -G, --no-group             in a long listing, don't print group names
  -h, --human-readable       with -l, print sizes in human readable format
                               (e.g., 1K 234M 2G)
      --si                   likewise, but use powers of 1000 not 1024
  -H, --dereference-command-line
                             follow symbolic links listed on the command line
      --dereference-command-line-symlink-to-dir
                             follow each command line symbolic link
                             that points to a directory
      --hide=PATTERN         do not list implied entries matching shell PATTERN
                               (overridden by -a or -A)
      --indicator-style=WORD  append indicator with style WORD to entry names:
                               none (default), slash (-p),
                               file-type (--file-type), classify (-F)
  -i, --inode                print the index number of each file
  -I, --ignore=PATTERN       do not list implied entries matching shell PATTERN
  -k                         like --block-size=1K
  -l                         use a long listing format
  -L, --dereference          when showing file information for a symbolic
                               link, show information for the file the link
                               references rather than for the link itself
  -m                         fill width with a comma separated list of entries
  -n, --numeric-uid-gid      like -l, but list numeric user and group IDs
  -N, --literal              print raw entry names (don't treat e.g. control
                               characters specially)
  -o                         like -l, but do not list group information
  -p, --indicator-style=slash
                             append / indicator to directories
  -q, --hide-control-chars   print ? instead of non graphic characters
      --show-control-chars   show non graphic characters as-is (default
                             unless program is `ls' and output is a terminal)
  -Q, --quote-name           enclose entry names in double quotes
      --quoting-style=WORD   use quoting style WORD for entry names:
                               literal, locale, shell, shell-always, c, escape
  -r, --reverse              reverse order while sorting
  -R, --recursive            list subdirectories recursively
  -s, --size                 print the allocated size of each file, in blocks
  -S                         sort by file size
      --sort=WORD            sort by WORD instead of name: none -U,
                             extension -X, size -S, time -t, version -v
      --time=WORD            with -l, show time as WORD instead of modification
                             time: atime -u, access -u, use -u, ctime -c,
                             or status -c; use specified time as sort key
                             if --sort=time
      --time-style=STYLE     with -l, show times using style STYLE:
                             full-iso, long-iso, iso, locale, +FORMAT.
                             FORMAT is interpreted like `date'; if FORMAT is
                             FORMAT1<newline>FORMAT2, FORMAT1 applies to
                             non-recent files and FORMAT2 to recent files;
                             if STYLE is prefixed with `posix-', STYLE
                             takes effect only outside the POSIX locale
  -t                         sort by modification time
  -T, --tabsize=COLS         assume tab stops at each COLS instead of 8
  -u                         with -lt: sort by, and show, access time
                               with -l: show access time and sort by name
                               otherwise: sort by access time
  -U                         do not sort; list entries in directory order
  -v                         natural sort of (version) numbers within text
  -w, --width=COLS           assume screen width instead of current value
  -x                         list entries by lines instead of by columns
  -X                         sort alphabetically by entry extension
  -1                         list one file per line

SELinux options:

  --lcontext                 Display security context.   Enable -l. Lines
                             will probably be too wide for most displays.
  -Z, --context              Display security context so it fits on most
                             displays.  Displays only mode, user, group,
                             security context and file name.
  --scontext                 Display only security context and file name.
      --help     display this help and exit
      --version  output version information and exit

SIZE may be (or may be an integer optionally followed by) one of following:
KB 1000, K 1024, MB 1000*1000, M 1024*1024, and so on for G, T, P, E, Z, Y.

Using color to distinguish file types is disabled both by default and
with --color=never.  With --color=auto, ls emits color codes only when
standard output is connected to a terminal.  The LS_COLORS environment
variable can change the settings.  Use the dircolors command to set it.

Exit status:
 0  if OK,
 1  if minor problems (e.g., cannot access subdirectory),
 2  if serious trouble (e.g., cannot access command-line argument).

Report ls bugs to bug-coreutils@gnu.org
GNU coreutils home page: <http://www.gnu.org/software/coreutils/>
General help using GNU software: <http://www.gnu.org/gethelp/>
For complete documentation, run: info coreutils 'ls invocation'
mmore019@hammer.cs.ucr.edu$  ls -a
.  ..  bin  .git  LICENSE  Makefile  .Makefile.swp  README.md  src  tests
mmore019@hammer.cs.ucr.edu$                    ls            -a
.  ..  bin  .git  LICENSE  Makefile  .Makefile.swp  README.md  src  tests
mmore019@hammer.cs.ucr.edu$ 	ls  	-a
.  ..  bin  .git  LICENSE  Makefile  .Makefile.swp  README.md  src  tests
mmore019@hammer.cs.ucr.edu$ ls -a #testing comments
ls: cannot access : No such file or directory
mmore019@hammer.cs.ucr.edu$ pwd
/home/csmajs/mmore019/Documents/CS100/rshell
mmore019@hammer.cs.ucr.edu$ /bin    bin/rshell
mmore019@hammer.cs.ucr.edu$ exit
exiting rshell
mmore019@hammer.cs.ucr.edu$ ls ls ls ls
ls: cannot access ls: No such file or directory
ls: cannot access ls: No such file or directory
ls: cannot access ls: No such file or directory
mmore019@hammer.cs.ucr.edu$                                              ls                                                  
bin  LICENSE  Makefile	README.md  src	tests
mmore019@hammer.cs.ucr.edu$ true ; ls
mmore019@hammer.cs.ucr.edu$ ls ; ls
ls: cannot access ;: No such file or directory
ls: cannot access ls: No such file or directory
mmore019@hammer.cs.ucr.edu$ exit ls
exec: No such file or directory
mmore019@hammer.cs.ucr.edu$ exit
exiting rshell
~/Documents/CS100/rshell
mmore019@hammer $ exit
exit

Script done on Fri 23 Jan 2015 11:36:52 PM PST
